Command line invocation:
    /Applications/Xcode.app/Contents/Developer/usr/bin/xcodebuild build -project ios/PongLens/PongLens.xcodeproj -scheme PongLens -destination "platform=iOS Simulator,name=iPhone 17 Pro,OS=26.5" -derivedDataPath /tmp/ponglens-task9-derived -clonedSourcePackagesDirPath /tmp/ponglens-task8-review-derived/SourcePackages -disableAutomaticPackageResolution CODE_SIGNING_ALLOWED=NO

Build settings from command line:
    CODE_SIGNING_ALLOWED = NO

Resolve Package Graph


Resolved source packages:
  swift-concurrency-extras: https://github.com/pointfreeco/swift-concurrency-extras @ 1.4.1
  swift-asn1: https://github.com/apple/swift-asn1.git @ 1.7.1
  swift-crypto: https://github.com/apple/swift-crypto.git @ 4.5.1
  swift-http-types: https://github.com/apple/swift-http-types.git @ 1.6.0
  Supabase: https://github.com/supabase/supabase-swift @ 2.55.1
  swift-clocks: https://github.com/pointfreeco/swift-clocks @ 1.1.0
  xctest-dynamic-overlay: https://github.com/pointfreeco/xctest-dynamic-overlay @ 1.11.0

2026-09-07 14:17:21.576 xcodebuild[23728:107550369] [MT] IDERunDestination: Supported platforms for the buildables in the current scheme is empty.
ComputePackagePrebuildTargetDependencyGraph

Prepare packages

CreateBuildRequest

SendProjectDescription

CreateBuildOperation

ComputeTargetDependencyGraph
note: Building targets in dependency order
note: Target dependency graph (23 targets)
    Target 'PongLens' in project 'PongLens'
        ➜ Explicit dependency on target 'Supabase' in project 'Supabase'
    Target 'Supabase' in project 'Supabase'
        ➜ Explicit dependency on target 'Supabase' in project 'Supabase'
        ➜ Explicit dependency on target 'Helpers' in project 'Supabase'
        ➜ Explicit dependency on target 'Auth' in project 'Supabase'
        ➜ Explicit dependency on target 'Functions' in project 'Supabase'
        ➜ Explicit dependency on target 'PostgREST' in project 'Supabase'
        ➜ Explicit dependency on target 'RealtimeV2' in project 'Supabase'
        ➜ Explicit dependency on target 'Realtime' in project 'Supabase'
        ➜ Explicit dependency on target 'Storage' in project 'Supabase'
        ➜ Explicit dependency on target 'ConcurrencyExtras' in project 'swift-concurrency-extras'
        ➜ Explicit dependency on target 'HTTPTypes' in project 'swift-http-types'
        ➜ Explicit dependency on target 'Clocks' in project 'swift-clocks'
        ➜ Explicit dependency on target 'XCTestDynamicOverlay' in project 'xctest-dynamic-overlay'
        ➜ Explicit dependency on target 'IssueReporting' in project 'xctest-dynamic-overlay'
        ➜ Explicit dependency on target 'Crypto' in project 'swift-crypto'
    Target 'Supabase' in project 'Supabase'
        ➜ Explicit dependency on target 'Helpers' in project 'Supabase'
        ➜ Explicit dependency on target 'Auth' in project 'Supabase'
        ➜ Explicit dependency on target 'Functions' in project 'Supabase'
        ➜ Explicit dependency on target 'PostgREST' in project 'Supabase'
        ➜ Explicit dependency on target 'RealtimeV2' in project 'Supabase'
        ➜ Explicit dependency on target 'Realtime' in project 'Supabase'
        ➜ Explicit dependency on target 'Storage' in project 'Supabase'
        ➜ Explicit dependency on target 'ConcurrencyExtras' in project 'swift-concurrency-extras'
        ➜ Explicit dependency on target 'HTTPTypes' in project 'swift-http-types'
        ➜ Explicit dependency on target 'Clocks' in project 'swift-clocks'
        ➜ Explicit dependency on target 'XCTestDynamicOverlay' in project 'xctest-dynamic-overlay'
        ➜ Explicit dependency on target 'IssueReporting' in project 'xctest-dynamic-overlay'
        ➜ Explicit dependency on target 'Crypto' in project 'swift-crypto'
    Target 'Storage' in project 'Supabase'
        ➜ Explicit dependency on target 'Helpers' in project 'Supabase'
        ➜ Explicit dependency on target 'ConcurrencyExtras' in project 'swift-concurrency-extras'
        ➜ Explicit dependency on target 'HTTPTypes' in project 'swift-http-types'
        ➜ Explicit dependency on target 'Clocks' in project 'swift-clocks'
        ➜ Explicit dependency on target 'XCTestDynamicOverlay' in project 'xctest-dynamic-overlay'
        ➜ Explicit dependency on target 'IssueReporting' in project 'xctest-dynamic-overlay'
    Target 'Realtime' in project 'Supabase'
        ➜ Explicit dependency on target 'Helpers' in project 'Supabase'
        ➜ Explicit dependency on target 'RealtimeV2' in project 'Supabase'
        ➜ Explicit dependency on target 'ConcurrencyExtras' in project 'swift-concurrency-extras'
        ➜ Explicit dependency on target 'HTTPTypes' in project 'swift-http-types'
        ➜ Explicit dependency on target 'Clocks' in project 'swift-clocks'
        ➜ Explicit dependency on target 'XCTestDynamicOverlay' in project 'xctest-dynamic-overlay'
        ➜ Explicit dependency on target 'IssueReporting' in project 'xctest-dynamic-overlay'
    Target 'RealtimeV2' in project 'Supabase'
        ➜ Explicit dependency on target 'Helpers' in project 'Supabase'
        ➜ Explicit dependency on target 'ConcurrencyExtras' in project 'swift-concurrency-extras'
        ➜ Explicit dependency on target 'HTTPTypes' in project 'swift-http-types'
        ➜ Explicit dependency on target 'Clocks' in project 'swift-clocks'
        ➜ Explicit dependency on target 'XCTestDynamicOverlay' in project 'xctest-dynamic-overlay'
        ➜ Explicit dependency on target 'IssueReporting' in project 'xctest-dynamic-overlay'
    Target 'PostgREST' in project 'Supabase'
        ➜ Explicit dependency on target 'Helpers' in project 'Supabase'
        ➜ Explicit dependency on target 'ConcurrencyExtras' in project 'swift-concurrency-extras'
        ➜ Explicit dependency on target 'HTTPTypes' in project 'swift-http-types'
        ➜ Explicit dependency on target 'Clocks' in project 'swift-clocks'
        ➜ Explicit dependency on target 'XCTestDynamicOverlay' in project 'xctest-dynamic-overlay'
        ➜ Explicit dependency on target 'IssueReporting' in project 'xctest-dynamic-overlay'
    Target 'Functions' in project 'Supabase'
        ➜ Explicit dependency on target 'Helpers' in project 'Supabase'
        ➜ Explicit dependency on target 'ConcurrencyExtras' in project 'swift-concurrency-extras'
        ➜ Explicit dependency on target 'HTTPTypes' in project 'swift-http-types'
        ➜ Explicit dependency on target 'Clocks' in project 'swift-clocks'
        ➜ Explicit dependency on target 'XCTestDynamicOverlay' in project 'xctest-dynamic-overlay'
        ➜ Explicit dependency on target 'IssueReporting' in project 'xctest-dynamic-overlay'
    Target 'Auth' in project 'Supabase'
        ➜ Explicit dependency on target 'Helpers' in project 'Supabase'
        ➜ Explicit dependency on target 'ConcurrencyExtras' in project 'swift-concurrency-extras'
        ➜ Explicit dependency on target 'HTTPTypes' in project 'swift-http-types'
        ➜ Explicit dependency on target 'Clocks' in project 'swift-clocks'
        ➜ Explicit dependency on target 'XCTestDynamicOverlay' in project 'xctest-dynamic-overlay'
        ➜ Explicit dependency on target 'IssueReporting' in project 'xctest-dynamic-overlay'
        ➜ Explicit dependency on target 'Crypto' in project 'swift-crypto'
    Target 'Crypto' in project 'swift-crypto'
        ➜ Explicit dependency on target 'Crypto' in project 'swift-crypto'
        ➜ Explicit dependency on target 'swift-crypto_Crypto' in project 'swift-crypto'
    Target 'Crypto' in project 'swift-crypto'
        ➜ Explicit dependency on target 'swift-crypto_Crypto' in project 'swift-crypto'
    Target 'swift-crypto_Crypto' in project 'swift-crypto' (no dependencies)
    Target 'Helpers' in project 'Supabase'
        ➜ Explicit dependency on target 'ConcurrencyExtras' in project 'swift-concurrency-extras'
        ➜ Explicit dependency on target 'HTTPTypes' in project 'swift-http-types'
        ➜ Explicit dependency on target 'Clocks' in project 'swift-clocks'
        ➜ Explicit dependency on target 'XCTestDynamicOverlay' in project 'xctest-dynamic-overlay'
        ➜ Explicit dependency on target 'IssueReporting' in project 'xctest-dynamic-overlay'
    Target 'XCTestDynamicOverlay' in project 'xctest-dynamic-overlay'
        ➜ Explicit dependency on target 'XCTestDynamicOverlay' in project 'xctest-dynamic-overlay'
        ➜ Explicit dependency on target 'IssueReporting' in project 'xctest-dynamic-overlay'
    Target 'XCTestDynamicOverlay' in project 'xctest-dynamic-overlay'
        ➜ Explicit dependency on target 'IssueReporting' in project 'xctest-dynamic-overlay'
    Target 'Clocks' in project 'swift-clocks'
        ➜ Explicit dependency on target 'Clocks' in project 'swift-clocks'
        ➜ Explicit dependency on target 'ConcurrencyExtras' in project 'swift-concurrency-extras'
        ➜ Explicit dependency on target 'IssueReporting' in project 'xctest-dynamic-overlay'
    Target 'Clocks' in project 'swift-clocks'
        ➜ Explicit dependency on target 'ConcurrencyExtras' in project 'swift-concurrency-extras'
        ➜ Explicit dependency on target 'IssueReporting' in project 'xctest-dynamic-overlay'
    Target 'IssueReporting' in project 'xctest-dynamic-overlay'
        ➜ Explicit dependency on target 'IssueReporting' in project 'xctest-dynamic-overlay'
    Target 'IssueReporting' in project 'xctest-dynamic-overlay' (no dependencies)
    Target 'HTTPTypes' in project 'swift-http-types'
        ➜ Explicit dependency on target 'HTTPTypes' in project 'swift-http-types'
    Target 'HTTPTypes' in project 'swift-http-types' (no dependencies)
    Target 'ConcurrencyExtras' in project 'swift-concurrency-extras'
        ➜ Explicit dependency on target 'ConcurrencyExtras' in project 'swift-concurrency-extras'
    Target 'ConcurrencyExtras' in project 'swift-concurrency-extras' (no dependencies)

GatherProvisioningInputs

CreateBuildDescription

ExecuteExternalTool /Applications/Xcode.app/Contents/Developer/Toolchains/XcodeDefault.xctoolchain/usr/bin/swiftc --version

ExecuteExternalTool /Applications/Xcode.app/Contents/Developer/Toolchains/XcodeDefault.xctoolchain/usr/bin/clang -v -E -dM -isysroot /Applications/Xcode.app/Contents/Developer/Platforms/iPhoneSimulator.platform/Developer/SDKs/iPhoneSimulator26.5.sdk -x c -c /dev/null

ExecuteExternalTool /Applications/Xcode.app/Contents/Developer/usr/bin/actool --print-asset-tag-combinations --output-format xml1 /Users/adil/Desktop/Projects/PongLens/.worktrees/match-processing-feedback/ios/PongLens/PongLens/Assets.xcassets

ExecuteExternalTool /Applications/Xcode.app/Contents/Developer/usr/bin/actool --version --output-format xml1

ExecuteExternalTool /Applications/Xcode.app/Contents/Developer/Toolchains/XcodeDefault.xctoolchain/usr/bin/ld -version_details

ReadFileContents /Applications/Xcode.app/Contents/Developer/Toolchains/XcodeDefault.xctoolchain/usr/share/docc/features.json

Build description signature: 49c926b5dcd83e270554eb37cd12f611
Build description path: /tmp/ponglens-task9-derived/Build/Intermediates.noindex/XCBuildData/49c926b5dcd83e270554eb37cd12f611.xcbuilddata
ClangStatCache /Applications/Xcode.app/Contents/Developer/Toolchains/XcodeDefault.xctoolchain/usr/bin/clang-stat-cache /Applications/Xcode.app/Contents/Developer/Platforms/iPhoneSimulator.platform/Developer/SDKs/iPhoneSimulator26.5.sdk /tmp/ponglens-task9-derived/SDKStatCaches.noindex/iphonesimulator26.5-23F81a-6cfe768891a92b912361537c460fe42b.sdkstatcache
    cd /Users/adil/Desktop/Projects/PongLens/.worktrees/match-processing-feedback/ios/PongLens/PongLens.xcodeproj
    /Applications/Xcode.app/Contents/Developer/Toolchains/XcodeDefault.xctoolchain/usr/bin/clang-stat-cache /Applications/Xcode.app/Contents/Developer/Platforms/iPhoneSimulator.platform/Developer/SDKs/iPhoneSimulator26.5.sdk -o /tmp/ponglens-task9-derived/SDKStatCaches.noindex/iphonesimulator26.5-23F81a-6cfe768891a92b912361537c460fe42b.sdkstatcache

ProcessInfoPlistFile /tmp/ponglens-task9-derived/Build/Products/Debug-iphonesimulator/swift-crypto_Crypto.bundle/Info.plist /tmp/ponglens-task9-derived/Build/Intermediates.noindex/swift-crypto.build/Debug-iphonesimulator/swift-crypto_Crypto.build/empty-swift-crypto_Crypto.plist (in target 'swift-crypto_Crypto' from project 'swift-crypto')
    cd /tmp/ponglens-task8-review-derived/SourcePackages/checkouts/swift-crypto
    builtin-infoPlistUtility /tmp/ponglens-task9-derived/Build/Intermediates.noindex/swift-crypto.build/Debug-iphonesimulator/swift-crypto_Crypto.build/empty-swift-crypto_Crypto.plist -producttype com.apple.product-type.bundle -expandbuildsettings -format binary -platform iphonesimulator -o /tmp/ponglens-task9-derived/Build/Products/Debug-iphonesimulator/swift-crypto_Crypto.bundle/Info.plist

CompileAssetCatalogVariant thinned /tmp/ponglens-task9-derived/Build/Products/Debug-iphonesimulator/PongLens.app /Users/adil/Desktop/Projects/PongLens/.worktrees/match-processing-feedback/ios/PongLens/PongLens/Assets.xcassets (in target 'PongLens' from project 'PongLens')
    cd /Users/adil/Desktop/Projects/PongLens/.worktrees/match-processing-feedback/ios/PongLens
    /Applications/Xcode.app/Contents/Developer/usr/bin/actool /Users/adil/Desktop/Projects/PongLens/.worktrees/match-processing-feedback/ios/PongLens/PongLens/Assets.xcassets --compile /tmp/ponglens-task9-derived/Build/Intermediates.noindex/PongLens.build/Debug-iphonesimulator/PongLens.build/assetcatalog_output/thinned --output-format human-readable-text --notices --warnings --export-dependency-info /tmp/ponglens-task9-derived/Build/Intermediates.noindex/PongLens.build/Debug-iphonesimulator/PongLens.build/assetcatalog_dependencies_thinned --output-partial-info-plist /tmp/ponglens-task9-derived/Build/Intermediates.noindex/PongLens.build/Debug-iphonesimulator/PongLens.build/assetcatalog_generated_info.plist_thinned --app-icon AppIcon --accent-color AccentColor --compress-pngs --enable-on-demand-resources YES --filter-for-thinning-device-configuration iPhone18,1 --filter-for-device-os-version 26.5 --development-region en --target-device iphone --minimum-deployment-target 26.0 --platform iphonesimulator
/* com.apple.actool.compilation-results */
/tmp/ponglens-task9-derived/Build/Intermediates.noindex/PongLens.build/Debug-iphonesimulator/PongLens.build/assetcatalog_generated_info.plist_thinned
/tmp/ponglens-task9-derived/Build/Intermediates.noindex/PongLens.build/Debug-iphonesimulator/PongLens.build/assetcatalog_output/thinned/AppIcon60x60@2x.png
/tmp/ponglens-task9-derived/Build/Intermediates.noindex/PongLens.build/Debug-iphonesimulator/PongLens.build/assetcatalog_output/thinned/AppIcon76x76@2x~ipad.png
/tmp/ponglens-task9-derived/Build/Intermediates.noindex/PongLens.build/Debug-iphonesimulator/PongLens.build/assetcatalog_output/thinned/Assets.car


LinkAssetCatalog /Users/adil/Desktop/Projects/PongLens/.worktrees/match-processing-feedback/ios/PongLens/PongLens/Assets.xcassets (in target 'PongLens' from project 'PongLens')
    cd /Users/adil/Desktop/Projects/PongLens/.worktrees/match-processing-feedback/ios/PongLens
    builtin-linkAssetCatalog --thinned /tmp/ponglens-task9-derived/Build/Intermediates.noindex/PongLens.build/Debug-iphonesimulator/PongLens.build/assetcatalog_output/thinned --thinned-dependencies /tmp/ponglens-task9-derived/Build/Intermediates.noindex/PongLens.build/Debug-iphonesimulator/PongLens.build/assetcatalog_dependencies_thinned --thinned-info-plist-content /tmp/ponglens-task9-derived/Build/Intermediates.noindex/PongLens.build/Debug-iphonesimulator/PongLens.build/assetcatalog_generated_info.plist_thinned --unthinned /tmp/ponglens-task9-derived/Build/Intermediates.noindex/PongLens.build/Debug-iphonesimulator/PongLens.build/assetcatalog_output/unthinned --unthinned-dependencies /tmp/ponglens-task9-derived/Build/Intermediates.noindex/PongLens.build/Debug-iphonesimulator/PongLens.build/assetcatalog_dependencies_unthinned --unthinned-info-plist-content /tmp/ponglens-task9-derived/Build/Intermediates.noindex/PongLens.build/Debug-iphonesimulator/PongLens.build/assetcatalog_generated_info.plist_unthinned --output /tmp/ponglens-task9-derived/Build/Products/Debug-iphonesimulator/PongLens.app --plist-output /tmp/ponglens-task9-derived/Build/Intermediates.noindex/PongLens.build/Debug-iphonesimulator/PongLens.build/assetcatalog_generated_info.plist
note: Emplaced /tmp/ponglens-task9-derived/Build/Products/Debug-iphonesimulator/PongLens.app/Assets.car (in target 'PongLens' from project 'PongLens')
note: Emplaced /tmp/ponglens-task9-derived/Build/Products/Debug-iphonesimulator/PongLens.app/AppIcon76x76@2x~ipad.png (in target 'PongLens' from project 'PongLens')
note: Emplaced /tmp/ponglens-task9-derived/Build/Products/Debug-iphonesimulator/PongLens.app/AppIcon60x60@2x.png (in target 'PongLens' from project 'PongLens')

ProcessInfoPlistFile /tmp/ponglens-task9-derived/Build/Products/Debug-iphonesimulator/PongLens.app/Info.plist /Users/adil/Desktop/Projects/PongLens/.worktrees/match-processing-feedback/ios/PongLens/PongLens/Info.plist (in target 'PongLens' from project 'PongLens')
    cd /Users/adil/Desktop/Projects/PongLens/.worktrees/match-processing-feedback/ios/PongLens
    builtin-infoPlistUtility /Users/adil/Desktop/Projects/PongLens/.worktrees/match-processing-feedback/ios/PongLens/PongLens/Info.plist -producttype com.apple.product-type.application -genpkginfo /tmp/ponglens-task9-derived/Build/Products/Debug-iphonesimulator/PongLens.app/PkgInfo -expandbuildsettings -format binary -platform iphonesimulator -additionalcontentfile /tmp/ponglens-task9-derived/Build/Intermediates.noindex/PongLens.build/Debug-iphonesimulator/PongLens.build/assetcatalog_generated_info.plist -scanforprivacyfile /tmp/ponglens-task9-derived/Build/Products/Debug-iphonesimulator/PongLens.app/swift-crypto_Crypto.bundle -o /tmp/ponglens-task9-derived/Build/Products/Debug-iphonesimulator/PongLens.app/Info.plist

CopySwiftLibs /tmp/ponglens-task9-derived/Build/Products/Debug-iphonesimulator/PongLens.app (in target 'PongLens' from project 'PongLens')
    cd /Users/adil/Desktop/Projects/PongLens/.worktrees/match-processing-feedback/ios/PongLens
    builtin-swiftStdLibTool --copy --verbose --scan-executable /tmp/ponglens-task9-derived/Build/Products/Debug-iphonesimulator/PongLens.app/PongLens.debug.dylib --scan-folder /tmp/ponglens-task9-derived/Build/Products/Debug-iphonesimulator/PongLens.app/Frameworks --scan-folder /tmp/ponglens-task9-derived/Build/Products/Debug-iphonesimulator/PongLens.app/PlugIns --scan-folder /tmp/ponglens-task9-derived/Build/Products/Debug-iphonesimulator/PongLens.app/SystemExtensions --scan-folder /tmp/ponglens-task9-derived/Build/Products/Debug-iphonesimulator/PongLens.app/Extensions --platform iphonesimulator --toolchain /Applications/Xcode.app/Contents/Developer/Toolchains/XcodeDefault.xctoolchain --destination /tmp/ponglens-task9-derived/Build/Products/Debug-iphonesimulator/PongLens.app/Frameworks --strip-bitcode --strip-bitcode-tool /Applications/Xcode.app/Contents/Developer/Toolchains/XcodeDefault.xctoolchain/usr/bin/bitcode_strip --emit-dependency-info /tmp/ponglens-task9-derived/Build/Intermediates.noindex/PongLens.build/Debug-iphonesimulator/PongLens.build/SwiftStdLibToolInputDependencies.dep --filter-for-swift-os
Ignoring --strip-bitcode because --sign was not passed

Validate /tmp/ponglens-task9-derived/Build/Products/Debug-iphonesimulator/PongLens.app (in target 'PongLens' from project 'PongLens')
    cd /Users/adil/Desktop/Projects/PongLens/.worktrees/match-processing-feedback/ios/PongLens
    builtin-validationUtility /tmp/ponglens-task9-derived/Build/Products/Debug-iphonesimulator/PongLens.app -shallow-bundle -infoplist-subpath Info.plist

note: Removed stale file '/tmp/ponglens-task9-derived/Build/Products/Debug-iphonesimulator/PongLens.app/Frameworks'

note: Removed stale file '/tmp/ponglens-task9-derived/Build/Products/Debug-iphonesimulator/PongLens.app/PlugIns'

** BUILD SUCCEEDED **
