Command line invocation:
    /Applications/Xcode.app/Contents/Developer/usr/bin/xcodebuild test -project ios/PongLens/PongLens.xcodeproj -scheme PongLens -destination "platform=iOS Simulator,name=iPhone 17 Pro,OS=26.5" -derivedDataPath /tmp/ponglens-task9-derived -clonedSourcePackagesDirPath /tmp/ponglens-task8-review-derived/SourcePackages -disableAutomaticPackageResolution CODE_SIGNING_ALLOWED=NO "-only-testing:PongLensTests/MatchIssueTests" -resultBundlePath /tmp/ponglens-task9-fix1-red.xcresult

Build settings from command line:
    CODE_SIGNING_ALLOWED = NO

Resolve Package Graph


Resolved source packages:
  swift-asn1: https://github.com/apple/swift-asn1.git @ 1.7.1
  xctest-dynamic-overlay: https://github.com/pointfreeco/xctest-dynamic-overlay @ 1.11.0
  swift-crypto: https://github.com/apple/swift-crypto.git @ 4.5.1
  swift-clocks: https://github.com/pointfreeco/swift-clocks @ 1.1.0
  swift-http-types: https://github.com/apple/swift-http-types.git @ 1.6.0
  swift-concurrency-extras: https://github.com/pointfreeco/swift-concurrency-extras @ 1.4.1
  Supabase: https://github.com/supabase/supabase-swift @ 2.55.1

2026-09-07 14:11:15.387 xcodebuild[19809:107514923] [MT] IDERunDestination: Supported platforms for the buildables in the current scheme is empty.
Writing result bundle at path:
	/tmp/ponglens-task9-fix1-red.xcresult

ComputePackagePrebuildTargetDependencyGraph

Prepare packages

CreateBuildRequest

SendProjectDescription

CreateBuildOperation

ComputeTargetDependencyGraph
note: Building targets in dependency order
note: Target dependency graph (24 targets)
    Target 'PongLensTests' in project 'PongLens'
        ➜ Explicit dependency on target 'PongLens' in project 'PongLens'
    Target 'PongLens' in project 'PongLens'
        ➜ Explicit dependency on target 'Supabase' in project 'Supabase'
    Target 'Supabase' in project 'Supabase'
        ➜ Explicit dependency on target 'Supabase' in project 'Supabase'
        ➜ Explicit dependency on target 'Helpers' in project 'Supabase'
        ➜ Explicit dependency on target 'Auth' in project 'Supabase'
        ➜ Explicit dependency on target 'Functions' in project 'Supabase'
        ➜ Explicit dependency on target 'PostgREST' in project 'Supabase'
        ➜ Explicit dependency on target 'RealtimeV2' in project 'Supabase'
        ➜ Explicit dependency on target 'Realtime' in project 'Supabase'
        ➜ Explicit dependency on target 'Storage' in project 'Supabase'
        ➜ Explicit dependency on target 'ConcurrencyExtras' in project 'swift-concurrency-extras'
        ➜ Explicit dependency on target 'HTTPTypes' in project 'swift-http-types'
        ➜ Explicit dependency on target 'Clocks' in project 'swift-clocks'
        ➜ Explicit dependency on target 'XCTestDynamicOverlay' in project 'xctest-dynamic-overlay'
        ➜ Explicit dependency on target 'IssueReporting' in project 'xctest-dynamic-overlay'
        ➜ Explicit dependency on target 'Crypto' in project 'swift-crypto'
    Target 'Supabase' in project 'Supabase'
        ➜ Explicit dependency on target 'Helpers' in project 'Supabase'
        ➜ Explicit dependency on target 'Auth' in project 'Supabase'
        ➜ Explicit dependency on target 'Functions' in project 'Supabase'
        ➜ Explicit dependency on target 'PostgREST' in project 'Supabase'
        ➜ Explicit dependency on target 'RealtimeV2' in project 'Supabase'
        ➜ Explicit dependency on target 'Realtime' in project 'Supabase'
        ➜ Explicit dependency on target 'Storage' in project 'Supabase'
        ➜ Explicit dependency on target 'ConcurrencyExtras' in project 'swift-concurrency-extras'
        ➜ Explicit dependency on target 'HTTPTypes' in project 'swift-http-types'
        ➜ Explicit dependency on target 'Clocks' in project 'swift-clocks'
        ➜ Explicit dependency on target 'XCTestDynamicOverlay' in project 'xctest-dynamic-overlay'
        ➜ Explicit dependency on target 'IssueReporting' in project 'xctest-dynamic-overlay'
        ➜ Explicit dependency on target 'Crypto' in project 'swift-crypto'
    Target 'Storage' in project 'Supabase'
        ➜ Explicit dependency on target 'Helpers' in project 'Supabase'
        ➜ Explicit dependency on target 'ConcurrencyExtras' in project 'swift-concurrency-extras'
        ➜ Explicit dependency on target 'HTTPTypes' in project 'swift-http-types'
        ➜ Explicit dependency on target 'Clocks' in project 'swift-clocks'
        ➜ Explicit dependency on target 'XCTestDynamicOverlay' in project 'xctest-dynamic-overlay'
        ➜ Explicit dependency on target 'IssueReporting' in project 'xctest-dynamic-overlay'
    Target 'Realtime' in project 'Supabase'
        ➜ Explicit dependency on target 'Helpers' in project 'Supabase'
        ➜ Explicit dependency on target 'RealtimeV2' in project 'Supabase'
        ➜ Explicit dependency on target 'ConcurrencyExtras' in project 'swift-concurrency-extras'
        ➜ Explicit dependency on target 'HTTPTypes' in project 'swift-http-types'
        ➜ Explicit dependency on target 'Clocks' in project 'swift-clocks'
        ➜ Explicit dependency on target 'XCTestDynamicOverlay' in project 'xctest-dynamic-overlay'
        ➜ Explicit dependency on target 'IssueReporting' in project 'xctest-dynamic-overlay'
    Target 'RealtimeV2' in project 'Supabase'
        ➜ Explicit dependency on target 'Helpers' in project 'Supabase'
        ➜ Explicit dependency on target 'ConcurrencyExtras' in project 'swift-concurrency-extras'
        ➜ Explicit dependency on target 'HTTPTypes' in project 'swift-http-types'
        ➜ Explicit dependency on target 'Clocks' in project 'swift-clocks'
        ➜ Explicit dependency on target 'XCTestDynamicOverlay' in project 'xctest-dynamic-overlay'
        ➜ Explicit dependency on target 'IssueReporting' in project 'xctest-dynamic-overlay'
    Target 'PostgREST' in project 'Supabase'
        ➜ Explicit dependency on target 'Helpers' in project 'Supabase'
        ➜ Explicit dependency on target 'ConcurrencyExtras' in project 'swift-concurrency-extras'
        ➜ Explicit dependency on target 'HTTPTypes' in project 'swift-http-types'
        ➜ Explicit dependency on target 'Clocks' in project 'swift-clocks'
        ➜ Explicit dependency on target 'XCTestDynamicOverlay' in project 'xctest-dynamic-overlay'
        ➜ Explicit dependency on target 'IssueReporting' in project 'xctest-dynamic-overlay'
    Target 'Functions' in project 'Supabase'
        ➜ Explicit dependency on target 'Helpers' in project 'Supabase'
        ➜ Explicit dependency on target 'ConcurrencyExtras' in project 'swift-concurrency-extras'
        ➜ Explicit dependency on target 'HTTPTypes' in project 'swift-http-types'
        ➜ Explicit dependency on target 'Clocks' in project 'swift-clocks'
        ➜ Explicit dependency on target 'XCTestDynamicOverlay' in project 'xctest-dynamic-overlay'
        ➜ Explicit dependency on target 'IssueReporting' in project 'xctest-dynamic-overlay'
    Target 'Auth' in project 'Supabase'
        ➜ Explicit dependency on target 'Helpers' in project 'Supabase'
        ➜ Explicit dependency on target 'ConcurrencyExtras' in project 'swift-concurrency-extras'
        ➜ Explicit dependency on target 'HTTPTypes' in project 'swift-http-types'
        ➜ Explicit dependency on target 'Clocks' in project 'swift-clocks'
        ➜ Explicit dependency on target 'XCTestDynamicOverlay' in project 'xctest-dynamic-overlay'
        ➜ Explicit dependency on target 'IssueReporting' in project 'xctest-dynamic-overlay'
        ➜ Explicit dependency on target 'Crypto' in project 'swift-crypto'
    Target 'Crypto' in project 'swift-crypto'
        ➜ Explicit dependency on target 'Crypto' in project 'swift-crypto'
        ➜ Explicit dependency on target 'swift-crypto_Crypto' in project 'swift-crypto'
    Target 'Crypto' in project 'swift-crypto'
        ➜ Explicit dependency on target 'swift-crypto_Crypto' in project 'swift-crypto'
    Target 'swift-crypto_Crypto' in project 'swift-crypto' (no dependencies)
    Target 'Helpers' in project 'Supabase'
        ➜ Explicit dependency on target 'ConcurrencyExtras' in project 'swift-concurrency-extras'
        ➜ Explicit dependency on target 'HTTPTypes' in project 'swift-http-types'
        ➜ Explicit dependency on target 'Clocks' in project 'swift-clocks'
        ➜ Explicit dependency on target 'XCTestDynamicOverlay' in project 'xctest-dynamic-overlay'
        ➜ Explicit dependency on target 'IssueReporting' in project 'xctest-dynamic-overlay'
    Target 'XCTestDynamicOverlay' in project 'xctest-dynamic-overlay'
        ➜ Explicit dependency on target 'XCTestDynamicOverlay' in project 'xctest-dynamic-overlay'
        ➜ Explicit dependency on target 'IssueReporting' in project 'xctest-dynamic-overlay'
    Target 'XCTestDynamicOverlay' in project 'xctest-dynamic-overlay'
        ➜ Explicit dependency on target 'IssueReporting' in project 'xctest-dynamic-overlay'
    Target 'Clocks' in project 'swift-clocks'
        ➜ Explicit dependency on target 'Clocks' in project 'swift-clocks'
        ➜ Explicit dependency on target 'ConcurrencyExtras' in project 'swift-concurrency-extras'
        ➜ Explicit dependency on target 'IssueReporting' in project 'xctest-dynamic-overlay'
    Target 'Clocks' in project 'swift-clocks'
        ➜ Explicit dependency on target 'ConcurrencyExtras' in project 'swift-concurrency-extras'
        ➜ Explicit dependency on target 'IssueReporting' in project 'xctest-dynamic-overlay'
    Target 'IssueReporting' in project 'xctest-dynamic-overlay'
        ➜ Explicit dependency on target 'IssueReporting' in project 'xctest-dynamic-overlay'
    Target 'IssueReporting' in project 'xctest-dynamic-overlay' (no dependencies)
    Target 'HTTPTypes' in project 'swift-http-types'
        ➜ Explicit dependency on target 'HTTPTypes' in project 'swift-http-types'
    Target 'HTTPTypes' in project 'swift-http-types' (no dependencies)
    Target 'ConcurrencyExtras' in project 'swift-concurrency-extras'
        ➜ Explicit dependency on target 'ConcurrencyExtras' in project 'swift-concurrency-extras'
    Target 'ConcurrencyExtras' in project 'swift-concurrency-extras' (no dependencies)

GatherProvisioningInputs

CreateBuildDescription

ExecuteExternalTool /Applications/Xcode.app/Contents/Developer/Toolchains/XcodeDefault.xctoolchain/usr/bin/swiftc --version

ExecuteExternalTool /Applications/Xcode.app/Contents/Developer/Toolchains/XcodeDefault.xctoolchain/usr/bin/clang -v -E -dM -isysroot /Applications/Xcode.app/Contents/Developer/Platforms/iPhoneSimulator.platform/Developer/SDKs/iPhoneSimulator26.5.sdk -x c -c /dev/null

ExecuteExternalTool /Applications/Xcode.app/Contents/Developer/usr/bin/actool --print-asset-tag-combinations --output-format xml1 /Users/adil/Desktop/Projects/PongLens/.worktrees/match-processing-feedback/ios/PongLens/PongLens/Assets.xcassets

ExecuteExternalTool /Applications/Xcode.app/Contents/Developer/Toolchains/XcodeDefault.xctoolchain/usr/bin/ld -version_details

ReadFileContents /Applications/Xcode.app/Contents/Developer/Toolchains/XcodeDefault.xctoolchain/usr/share/docc/features.json

ExecuteExternalTool /Applications/Xcode.app/Contents/Developer/usr/bin/actool --version --output-format xml1

Build description signature: ca60140d63095855948a08741673137a
Build description path: /tmp/ponglens-task9-derived/Build/Intermediates.noindex/XCBuildData/ca60140d63095855948a08741673137a.xcbuilddata
ClangStatCache /Applications/Xcode.app/Contents/Developer/Toolchains/XcodeDefault.xctoolchain/usr/bin/clang-stat-cache /Applications/Xcode.app/Contents/Developer/Platforms/iPhoneSimulator.platform/Developer/SDKs/iPhoneSimulator26.5.sdk /tmp/ponglens-task9-derived/SDKStatCaches.noindex/iphonesimulator26.5-23F81a-6cfe768891a92b912361537c460fe42b.sdkstatcache
    cd /Users/adil/Desktop/Projects/PongLens/.worktrees/match-processing-feedback/ios/PongLens/PongLens.xcodeproj
    /Applications/Xcode.app/Contents/Developer/Toolchains/XcodeDefault.xctoolchain/usr/bin/clang-stat-cache /Applications/Xcode.app/Contents/Developer/Platforms/iPhoneSimulator.platform/Developer/SDKs/iPhoneSimulator26.5.sdk -o /tmp/ponglens-task9-derived/SDKStatCaches.noindex/iphonesimulator26.5-23F81a-6cfe768891a92b912361537c460fe42b.sdkstatcache

ProcessInfoPlistFile /tmp/ponglens-task9-derived/Build/Products/Debug-iphonesimulator/swift-crypto_Crypto.bundle/Info.plist /tmp/ponglens-task9-derived/Build/Intermediates.noindex/swift-crypto.build/Debug-iphonesimulator/swift-crypto_Crypto.build/empty-swift-crypto_Crypto.plist (in target 'swift-crypto_Crypto' from project 'swift-crypto')
    cd /tmp/ponglens-task8-review-derived/SourcePackages/checkouts/swift-crypto
    builtin-infoPlistUtility /tmp/ponglens-task9-derived/Build/Intermediates.noindex/swift-crypto.build/Debug-iphonesimulator/swift-crypto_Crypto.build/empty-swift-crypto_Crypto.plist -producttype com.apple.product-type.bundle -expandbuildsettings -format binary -platform iphonesimulator -o /tmp/ponglens-task9-derived/Build/Products/Debug-iphonesimulator/swift-crypto_Crypto.bundle/Info.plist

MkDir /tmp/ponglens-task9-derived/Build/Products/Debug-iphonesimulator/PongLens.app/PlugIns/PongLensTests.xctest (in target 'PongLensTests' from project 'PongLens')
    cd /Users/adil/Desktop/Projects/PongLens/.worktrees/match-processing-feedback/ios/PongLens
    /bin/mkdir -p /tmp/ponglens-task9-derived/Build/Products/Debug-iphonesimulator/PongLens.app/PlugIns/PongLensTests.xctest

MkDir /tmp/ponglens-task9-derived/Build/Products/Debug-iphonesimulator/PongLens.app/Frameworks (in target 'PongLens' from project 'PongLens')
    cd /Users/adil/Desktop/Projects/PongLens/.worktrees/match-processing-feedback/ios/PongLens
    /bin/mkdir -p /tmp/ponglens-task9-derived/Build/Products/Debug-iphonesimulator/PongLens.app/Frameworks

MkDir /tmp/ponglens-task9-derived/Build/Products/Debug-iphonesimulator/PongLens.app/PlugIns (in target 'PongLens' from project 'PongLens')
    cd /Users/adil/Desktop/Projects/PongLens/.worktrees/match-processing-feedback/ios/PongLens
    /bin/mkdir -p /tmp/ponglens-task9-derived/Build/Products/Debug-iphonesimulator/PongLens.app/PlugIns

Copy /tmp/ponglens-task9-derived/Build/Products/Debug-iphonesimulator/PongLens.app/Frameworks/XCTestSupport.framework /Applications/Xcode.app/Contents/Developer/Platforms/iPhoneSimulator.platform/Developer/Library/PrivateFrameworks/XCTestSupport.framework (in target 'PongLens' from project 'PongLens')
    cd /Users/adil/Desktop/Projects/PongLens/.worktrees/match-processing-feedback/ios/PongLens
    builtin-copy -exclude .DS_Store -exclude CVS -exclude .svn -exclude .git -exclude .hg -exclude Headers -exclude PrivateHeaders -exclude Modules -exclude \*.tbd -resolve-src-symlinks /Applications/Xcode.app/Contents/Developer/Platforms/iPhoneSimulator.platform/Developer/Library/PrivateFrameworks/XCTestSupport.framework /tmp/ponglens-task9-derived/Build/Products/Debug-iphonesimulator/PongLens.app/Frameworks

Copy /tmp/ponglens-task9-derived/Build/Products/Debug-iphonesimulator/PongLens.app/Frameworks/XCUnit.framework /Applications/Xcode.app/Contents/Developer/Platforms/iPhoneSimulator.platform/Developer/Library/PrivateFrameworks/XCUnit.framework (in target 'PongLens' from project 'PongLens')
    cd /Users/adil/Desktop/Projects/PongLens/.worktrees/match-processing-feedback/ios/PongLens
    builtin-copy -exclude .DS_Store -exclude CVS -exclude .svn -exclude .git -exclude .hg -exclude Headers -exclude PrivateHeaders -exclude Modules -exclude \*.tbd -resolve-src-symlinks /Applications/Xcode.app/Contents/Developer/Platforms/iPhoneSimulator.platform/Developer/Library/PrivateFrameworks/XCUnit.framework /tmp/ponglens-task9-derived/Build/Products/Debug-iphonesimulator/PongLens.app/Frameworks

Copy /tmp/ponglens-task9-derived/Build/Products/Debug-iphonesimulator/PongLens.app/Frameworks/XCTestCore.framework /Applications/Xcode.app/Contents/Developer/Platforms/iPhoneSimulator.platform/Developer/Library/PrivateFrameworks/XCTestCore.framework (in target 'PongLens' from project 'PongLens')
    cd /Users/adil/Desktop/Projects/PongLens/.worktrees/match-processing-feedback/ios/PongLens
    builtin-copy -exclude .DS_Store -exclude CVS -exclude .svn -exclude .git -exclude .hg -exclude Headers -exclude PrivateHeaders -exclude Modules -exclude \*.tbd -resolve-src-symlinks /Applications/Xcode.app/Contents/Developer/Platforms/iPhoneSimulator.platform/Developer/Library/PrivateFrameworks/XCTestCore.framework /tmp/ponglens-task9-derived/Build/Products/Debug-iphonesimulator/PongLens.app/Frameworks

Copy /tmp/ponglens-task9-derived/Build/Products/Debug-iphonesimulator/PongLens.app/Frameworks/XCTest.framework /Applications/Xcode.app/Contents/Developer/Platforms/iPhoneSimulator.platform/Developer/Library/Frameworks/XCTest.framework (in target 'PongLens' from project 'PongLens')
    cd /Users/adil/Desktop/Projects/PongLens/.worktrees/match-processing-feedback/ios/PongLens
    builtin-copy -exclude .DS_Store -exclude CVS -exclude .svn -exclude .git -exclude .hg -exclude Headers -exclude PrivateHeaders -exclude Modules -exclude \*.tbd -resolve-src-symlinks /Applications/Xcode.app/Contents/Developer/Platforms/iPhoneSimulator.platform/Developer/Library/Frameworks/XCTest.framework /tmp/ponglens-task9-derived/Build/Products/Debug-iphonesimulator/PongLens.app/Frameworks

CpResource /tmp/ponglens-task9-derived/Build/Products/Debug-iphonesimulator/PongLens.app/learn-catalog.json /Users/adil/Desktop/Projects/PongLens/.worktrees/match-processing-feedback/ios/PongLens/PongLens/Resources/learn-catalog.json (in target 'PongLens' from project 'PongLens')
    cd /Users/adil/Desktop/Projects/PongLens/.worktrees/match-processing-feedback/ios/PongLens
    builtin-copy -exclude .DS_Store -exclude CVS -exclude .svn -exclude .git -exclude .hg -resolve-src-symlinks /Users/adil/Desktop/Projects/PongLens/.worktrees/match-processing-feedback/ios/PongLens/PongLens/Resources/learn-catalog.json /tmp/ponglens-task9-derived/Build/Products/Debug-iphonesimulator/PongLens.app

Copy /tmp/ponglens-task9-derived/Build/Products/Debug-iphonesimulator/PongLens.app/Frameworks/libXCTestSwiftSupport.dylib /Applications/Xcode.app/Contents/Developer/Platforms/iPhoneSimulator.platform/Developer/usr/lib/libXCTestSwiftSupport.dylib (in target 'PongLens' from project 'PongLens')
    cd /Users/adil/Desktop/Projects/PongLens/.worktrees/match-processing-feedback/ios/PongLens
    builtin-copy -exclude .DS_Store -exclude CVS -exclude .svn -exclude .git -exclude .hg -exclude Headers -exclude PrivateHeaders -exclude Modules -exclude \*.tbd -resolve-src-symlinks /Applications/Xcode.app/Contents/Developer/Platforms/iPhoneSimulator.platform/Developer/usr/lib/libXCTestSwiftSupport.dylib /tmp/ponglens-task9-derived/Build/Products/Debug-iphonesimulator/PongLens.app/Frameworks

Copy /tmp/ponglens-task9-derived/Build/Products/Debug-iphonesimulator/PongLens.app/Frameworks/libXCTestBundleInject.dylib /Applications/Xcode.app/Contents/Developer/Platforms/iPhoneSimulator.platform/Developer/usr/lib/libXCTestBundleInject.dylib (in target 'PongLens' from project 'PongLens')
    cd /Users/adil/Desktop/Projects/PongLens/.worktrees/match-processing-feedback/ios/PongLens
    builtin-copy -exclude .DS_Store -exclude CVS -exclude .svn -exclude .git -exclude .hg -exclude Headers -exclude PrivateHeaders -exclude Modules -exclude \*.tbd -resolve-src-symlinks /Applications/Xcode.app/Contents/Developer/Platforms/iPhoneSimulator.platform/Developer/usr/lib/libXCTestBundleInject.dylib /tmp/ponglens-task9-derived/Build/Products/Debug-iphonesimulator/PongLens.app/Frameworks

Copy /tmp/ponglens-task9-derived/Build/Products/Debug-iphonesimulator/PongLens.app/Frameworks/XCUIAutomation.framework /Applications/Xcode.app/Contents/Developer/Platforms/iPhoneSimulator.platform/Developer/Library/Frameworks/XCUIAutomation.framework (in target 'PongLens' from project 'PongLens')
    cd /Users/adil/Desktop/Projects/PongLens/.worktrees/match-processing-feedback/ios/PongLens
    builtin-copy -exclude .DS_Store -exclude CVS -exclude .svn -exclude .git -exclude .hg -exclude Headers -exclude PrivateHeaders -exclude Modules -exclude \*.tbd -resolve-src-symlinks /Applications/Xcode.app/Contents/Developer/Platforms/iPhoneSimulator.platform/Developer/Library/Frameworks/XCUIAutomation.framework /tmp/ponglens-task9-derived/Build/Products/Debug-iphonesimulator/PongLens.app/Frameworks

Copy /tmp/ponglens-task9-derived/Build/Products/Debug-iphonesimulator/PongLens.app/Frameworks/XCTAutomationSupport.framework /Applications/Xcode.app/Contents/Developer/Platforms/iPhoneSimulator.platform/Developer/Library/PrivateFrameworks/XCTAutomationSupport.framework (in target 'PongLens' from project 'PongLens')
    cd /Users/adil/Desktop/Projects/PongLens/.worktrees/match-processing-feedback/ios/PongLens
    builtin-copy -exclude .DS_Store -exclude CVS -exclude .svn -exclude .git -exclude .hg -exclude Headers -exclude PrivateHeaders -exclude Modules -exclude \*.tbd -resolve-src-symlinks /Applications/Xcode.app/Contents/Developer/Platforms/iPhoneSimulator.platform/Developer/Library/PrivateFrameworks/XCTAutomationSupport.framework /tmp/ponglens-task9-derived/Build/Products/Debug-iphonesimulator/PongLens.app/Frameworks

Copy /tmp/ponglens-task9-derived/Build/Products/Debug-iphonesimulator/PongLens.app/Frameworks/Testing.framework /Applications/Xcode.app/Contents/Developer/Platforms/iPhoneSimulator.platform/Developer/Library/Frameworks/Testing.framework (in target 'PongLens' from project 'PongLens')
    cd /Users/adil/Desktop/Projects/PongLens/.worktrees/match-processing-feedback/ios/PongLens
    builtin-copy -exclude .DS_Store -exclude CVS -exclude .svn -exclude .git -exclude .hg -exclude Headers -exclude PrivateHeaders -exclude Modules -exclude \*.tbd -resolve-src-symlinks /Applications/Xcode.app/Contents/Developer/Platforms/iPhoneSimulator.platform/Developer/Library/Frameworks/Testing.framework /tmp/ponglens-task9-derived/Build/Products/Debug-iphonesimulator/PongLens.app/Frameworks

SwiftDriver PongLensTests normal arm64 com.apple.xcode.tools.swift.compiler (in target 'PongLensTests' from project 'PongLens')
    cd /Users/adil/Desktop/Projects/PongLens/.worktrees/match-processing-feedback/ios/PongLens
    builtin-SwiftDriver -- /Applications/Xcode.app/Contents/Developer/Toolchains/XcodeDefault.xctoolchain/usr/bin/swiftc -module-name PongLensTests -Onone @/tmp/ponglens-task9-derived/Build/Intermediates.noindex/PongLens.build/Debug-iphonesimulator/PongLensTests.build/Objects-normal/arm64/PongLensTests.SwiftFileList -DDEBUG -plugin-path /Applications/Xcode.app/Contents/Developer/Toolchains/XcodeDefault.xctoolchain/usr/lib/swift/host/plugins/testing -enable-bare-slash-regex -enable-experimental-feature DebugDescriptionMacro -sdk /Applications/Xcode.app/Contents/Developer/Platforms/iPhoneSimulator.platform/Developer/SDKs/iPhoneSimulator26.5.sdk -target arm64-apple-ios26.0-simulator -g -module-cache-path /tmp/ponglens-task9-derived/ModuleCache.noindex -Xfrontend -serialize-debugging-options -profile-coverage-mapping -profile-generate -enable-testing -index-store-path /tmp/ponglens-task9-derived/Index.noindex/DataStore -Xcc -D_LIBCPP_HARDENING_MODE\=_LIBCPP_HARDENING_MODE_DEBUG -swift-version 5 -I /tmp/ponglens-task9-derived/Build/Products/Debug-iphonesimulator -Isystem /Applications/Xcode.app/Contents/Developer/Platforms/iPhoneSimulator.platform/Developer/usr/lib -F /tmp/ponglens-task9-derived/Build/Products/Debug-iphonesimulator/PackageFrameworks -F /tmp/ponglens-task9-derived/Build/Products/Debug-iphonesimulator/PackageFrameworks -F /tmp/ponglens-task9-derived/Build/Products/Debug-iphonesimulator/PackageFrameworks -F /tmp/ponglens-task9-derived/Build/Products/Debug-iphonesimulator/PackageFrameworks -F /tmp/ponglens-task9-derived/Build/Products/Debug-iphonesimulator/PackageFrameworks -F /tmp/ponglens-task9-derived/Build/Products/Debug-iphonesimulator/PackageFrameworks -F /tmp/ponglens-task9-derived/Build/Products/Debug-iphonesimulator/PackageFrameworks -F /tmp/ponglens-task9-derived/Build/Products/Debug-iphonesimulator/PackageFrameworks -F /tmp/ponglens-task9-derived/Build/Products/Debug-iphonesimulator/PackageFrameworks -F /tmp/ponglens-task9-derived/Build/Products/Debug-iphonesimulator/PackageFrameworks -F /tmp/ponglens-task9-derived/Build/Products/Debug-iphonesimulator/PackageFrameworks -F /tmp/ponglens-task9-derived/Build/Products/Debug-iphonesimulator/PackageFrameworks -F /tmp/ponglens-task9-derived/Build/Products/Debug-iphonesimulator/PackageFrameworks -F /tmp/ponglens-task9-derived/Build/Products/Debug-iphonesimulator/PackageFrameworks -F /tmp/ponglens-task9-derived/Build/Products/Debug-iphonesimulator -F /Applications/Xcode.app/Contents/Developer/Platforms/iPhoneSimulator.platform/Developer/Library/Frameworks -F /Applications/Xcode.app/Contents/Developer/Platforms/iPhoneSimulator.platform/Developer/SDKs/iPhoneSimulator26.5.sdk/Developer/Library/Frameworks -c -j20 -enable-batch-mode -incremental -Xcc -ivfsstatcache -Xcc /tmp/ponglens-task9-derived/SDKStatCaches.noindex/iphonesimulator26.5-23F81a-6cfe768891a92b912361537c460fe42b.sdkstatcache -output-file-map /tmp/ponglens-task9-derived/Build/Intermediates.noindex/PongLens.build/Debug-iphonesimulator/PongLensTests.build/Objects-normal/arm64/PongLensTests-OutputFileMap.json -use-frontend-parseable-output -save-temps -no-color-diagnostics -explicit-module-build -module-cache-path /tmp/ponglens-task9-derived/Build/Intermediates.noindex/SwiftExplicitPrecompiledModules -clang-scanner-module-cache-path /tmp/ponglens-task9-derived/ModuleCache.noindex -sdk-module-cache-path /tmp/ponglens-task9-derived/ModuleCache.noindex -serialize-diagnostics -emit-dependencies -emit-module -emit-module-path /tmp/ponglens-task9-derived/Build/Intermediates.noindex/PongLens.build/Debug-iphonesimulator/PongLensTests.build/Objects-normal/arm64/PongLensTests.swiftmodule -validate-clang-modules-once -clang-build-session-file /tmp/ponglens-task9-derived/ModuleCache.noindex/Session.modulevalidation -Xcc -I/tmp/ponglens-task9-derived/Build/Intermediates.noindex/PongLens.build/Debug-iphonesimulator/PongLensTests.build/swift-overrides.hmap -emit-const-values -Xfrontend -const-gather-protocols-file -Xfrontend /tmp/ponglens-task9-derived/Build/Intermediates.noindex/PongLens.build/Debug-iphonesimulator/PongLensTests.build/Objects-normal/arm64/PongLensTests_const_extract_protocols.json -Xcc -iquote -Xcc /tmp/ponglens-task9-derived/Build/Intermediates.noindex/PongLens.build/Debug-iphonesimulator/PongLensTests.build/PongLensTests-generated-files.hmap -Xcc -I/tmp/ponglens-task9-derived/Build/Intermediates.noindex/PongLens.build/Debug-iphonesimulator/PongLensTests.build/PongLensTests-own-target-headers.hmap -Xcc -I/tmp/ponglens-task9-derived/Build/Intermediates.noindex/PongLens.build/Debug-iphonesimulator/PongLensTests.build/PongLensTests-all-non-framework-target-headers.hmap -Xcc -ivfsoverlay -Xcc /tmp/ponglens-task9-derived/Build/Intermediates.noindex/PongLens.build/Debug-iphonesimulator/PongLens-0da7017953bd45c6c88576c2f46521ab-VFS-iphonesimulator/all-product-headers.yaml -Xcc -iquote -Xcc /tmp/ponglens-task9-derived/Build/Intermediates.noindex/PongLens.build/Debug-iphonesimulator/PongLensTests.build/PongLensTests-project-headers.hmap -Xcc -I/tmp/ponglens-task9-derived/Build/Products/Debug-iphonesimulator/include -Xcc -I/tmp/ponglens-task9-derived/Build/Intermediates.noindex/PongLens.build/Debug-iphonesimulator/PongLensTests.build/DerivedSources-normal/arm64 -Xcc -I/tmp/ponglens-task9-derived/Build/Intermediates.noindex/PongLens.build/Debug-iphonesimulator/PongLensTests.build/DerivedSources/arm64 -Xcc -I/tmp/ponglens-task9-derived/Build/Intermediates.noindex/PongLens.build/Debug-iphonesimulator/PongLensTests.build/DerivedSources -Xcc -DDEBUG\=1 -emit-objc-header -emit-objc-header-path /tmp/ponglens-task9-derived/Build/Intermediates.noindex/PongLens.build/Debug-iphonesimulator/PongLensTests.build/Objects-normal/arm64/PongLensTests-Swift.h -working-directory /Users/adil/Desktop/Projects/PongLens/.worktrees/match-processing-feedback/ios/PongLens -experimental-emit-module-separately -disable-cmo

ProcessInfoPlistFile /tmp/ponglens-task9-derived/Build/Products/Debug-iphonesimulator/PongLens.app/Info.plist /Users/adil/Desktop/Projects/PongLens/.worktrees/match-processing-feedback/ios/PongLens/PongLens/Info.plist (in target 'PongLens' from project 'PongLens')
    cd /Users/adil/Desktop/Projects/PongLens/.worktrees/match-processing-feedback/ios/PongLens
    builtin-infoPlistUtility /Users/adil/Desktop/Projects/PongLens/.worktrees/match-processing-feedback/ios/PongLens/PongLens/Info.plist -producttype com.apple.product-type.application -genpkginfo /tmp/ponglens-task9-derived/Build/Products/Debug-iphonesimulator/PongLens.app/PkgInfo -expandbuildsettings -format binary -platform iphonesimulator -additionalcontentfile /tmp/ponglens-task9-derived/Build/Intermediates.noindex/PongLens.build/Debug-iphonesimulator/PongLens.build/assetcatalog_generated_info.plist -scanforprivacyfile /tmp/ponglens-task9-derived/Build/Products/Debug-iphonesimulator/PongLens.app/swift-crypto_Crypto.bundle -o /tmp/ponglens-task9-derived/Build/Products/Debug-iphonesimulator/PongLens.app/Info.plist

Copy /tmp/ponglens-task9-derived/Build/Products/Debug-iphonesimulator/PongLens.app/PlugIns/PongLensTests.xctest/swift-crypto_Crypto.bundle /tmp/ponglens-task9-derived/Build/Products/Debug-iphonesimulator/swift-crypto_Crypto.bundle (in target 'PongLensTests' from project 'PongLens')
    cd /Users/adil/Desktop/Projects/PongLens/.worktrees/match-processing-feedback/ios/PongLens
    builtin-copy -exclude .DS_Store -exclude CVS -exclude .svn -exclude .git -exclude .hg -resolve-src-symlinks /tmp/ponglens-task9-derived/Build/Products/Debug-iphonesimulator/swift-crypto_Crypto.bundle /tmp/ponglens-task9-derived/Build/Products/Debug-iphonesimulator/PongLens.app/PlugIns/PongLensTests.xctest

ProcessInfoPlistFile /tmp/ponglens-task9-derived/Build/Products/Debug-iphonesimulator/PongLens.app/PlugIns/PongLensTests.xctest/Info.plist /tmp/ponglens-task9-derived/Build/Intermediates.noindex/PongLens.build/Debug-iphonesimulator/PongLensTests.build/empty-PongLensTests.plist (in target 'PongLensTests' from project 'PongLens')
    cd /Users/adil/Desktop/Projects/PongLens/.worktrees/match-processing-feedback/ios/PongLens
    builtin-infoPlistUtility /tmp/ponglens-task9-derived/Build/Intermediates.noindex/PongLens.build/Debug-iphonesimulator/PongLensTests.build/empty-PongLensTests.plist -producttype com.apple.product-type.bundle.unit-test -expandbuildsettings -format binary -platform iphonesimulator -scanforprivacyfile /tmp/ponglens-task9-derived/Build/Products/Debug-iphonesimulator/PongLens.app/PlugIns/PongLensTests.xctest/swift-crypto_Crypto.bundle -o /tmp/ponglens-task9-derived/Build/Products/Debug-iphonesimulator/PongLens.app/PlugIns/PongLensTests.xctest/Info.plist

SwiftCompile normal arm64 Compiling\ MatchIssueTests.swift /Users/adil/Desktop/Projects/PongLens/.worktrees/match-processing-feedback/ios/PongLens/PongLensTests/MatchIssueTests.swift (in target 'PongLensTests' from project 'PongLens')

SwiftCompile normal arm64 /Users/adil/Desktop/Projects/PongLens/.worktrees/match-processing-feedback/ios/PongLens/PongLensTests/MatchIssueTests.swift (in target 'PongLensTests' from project 'PongLens')
    cd /Users/adil/Desktop/Projects/PongLens/.worktrees/match-processing-feedback/ios/PongLens

/Users/adil/Desktop/Projects/PongLens/.worktrees/match-processing-feedback/ios/PongLens/PongLensTests/MatchIssueTests.swift:274:30: warning: 'coordinateSpace' was deprecated in iOS 26.0: Use effectiveGeometry.coordinateSpace instead.
        window.frame = scene.coordinateSpace.bounds
                             ^
/Users/adil/Desktop/Projects/PongLens/.worktrees/match-processing-feedback/ios/PongLens/PongLensTests/MatchIssueTests.swift:292:30: warning: 'coordinateSpace' was deprecated in iOS 26.0: Use effectiveGeometry.coordinateSpace instead.
        window.frame = scene.coordinateSpace.bounds
                             ^

SwiftEmitModule normal arm64 Emitting\ module\ for\ PongLensTests (in target 'PongLensTests' from project 'PongLens')

EmitSwiftModule normal arm64 (in target 'PongLensTests' from project 'PongLens')
    cd /Users/adil/Desktop/Projects/PongLens/.worktrees/match-processing-feedback/ios/PongLens


SwiftDriverJobDiscovery normal arm64 Emitting module for PongLensTests (in target 'PongLensTests' from project 'PongLens')

SwiftDriver\ Compilation\ Requirements PongLensTests normal arm64 com.apple.xcode.tools.swift.compiler (in target 'PongLensTests' from project 'PongLens')
    cd /Users/adil/Desktop/Projects/PongLens/.worktrees/match-processing-feedback/ios/PongLens
    builtin-Swift-Compilation-Requirements -- /Applications/Xcode.app/Contents/Developer/Toolchains/XcodeDefault.xctoolchain/usr/bin/swiftc -module-name PongLensTests -Onone @/tmp/ponglens-task9-derived/Build/Intermediates.noindex/PongLens.build/Debug-iphonesimulator/PongLensTests.build/Objects-normal/arm64/PongLensTests.SwiftFileList -DDEBUG -plugin-path /Applications/Xcode.app/Contents/Developer/Toolchains/XcodeDefault.xctoolchain/usr/lib/swift/host/plugins/testing -enable-bare-slash-regex -enable-experimental-feature DebugDescriptionMacro -sdk /Applications/Xcode.app/Contents/Developer/Platforms/iPhoneSimulator.platform/Developer/SDKs/iPhoneSimulator26.5.sdk -target arm64-apple-ios26.0-simulator -g -module-cache-path /tmp/ponglens-task9-derived/ModuleCache.noindex -Xfrontend -serialize-debugging-options -profile-coverage-mapping -profile-generate -enable-testing -index-store-path /tmp/ponglens-task9-derived/Index.noindex/DataStore -Xcc -D_LIBCPP_HARDENING_MODE\=_LIBCPP_HARDENING_MODE_DEBUG -swift-version 5 -I /tmp/ponglens-task9-derived/Build/Products/Debug-iphonesimulator -Isystem /Applications/Xcode.app/Contents/Developer/Platforms/iPhoneSimulator.platform/Developer/usr/lib -F /tmp/ponglens-task9-derived/Build/Products/Debug-iphonesimulator/PackageFrameworks -F /tmp/ponglens-task9-derived/Build/Products/Debug-iphonesimulator/PackageFrameworks -F /tmp/ponglens-task9-derived/Build/Products/Debug-iphonesimulator/PackageFrameworks -F /tmp/ponglens-task9-derived/Build/Products/Debug-iphonesimulator/PackageFrameworks -F /tmp/ponglens-task9-derived/Build/Products/Debug-iphonesimulator/PackageFrameworks -F /tmp/ponglens-task9-derived/Build/Products/Debug-iphonesimulator/PackageFrameworks -F /tmp/ponglens-task9-derived/Build/Products/Debug-iphonesimulator/PackageFrameworks -F /tmp/ponglens-task9-derived/Build/Products/Debug-iphonesimulator/PackageFrameworks -F /tmp/ponglens-task9-derived/Build/Products/Debug-iphonesimulator/PackageFrameworks -F /tmp/ponglens-task9-derived/Build/Products/Debug-iphonesimulator/PackageFrameworks -F /tmp/ponglens-task9-derived/Build/Products/Debug-iphonesimulator/PackageFrameworks -F /tmp/ponglens-task9-derived/Build/Products/Debug-iphonesimulator/PackageFrameworks -F /tmp/ponglens-task9-derived/Build/Products/Debug-iphonesimulator/PackageFrameworks -F /tmp/ponglens-task9-derived/Build/Products/Debug-iphonesimulator/PackageFrameworks -F /tmp/ponglens-task9-derived/Build/Products/Debug-iphonesimulator -F /Applications/Xcode.app/Contents/Developer/Platforms/iPhoneSimulator.platform/Developer/Library/Frameworks -F /Applications/Xcode.app/Contents/Developer/Platforms/iPhoneSimulator.platform/Developer/SDKs/iPhoneSimulator26.5.sdk/Developer/Library/Frameworks -c -j20 -enable-batch-mode -incremental -Xcc -ivfsstatcache -Xcc /tmp/ponglens-task9-derived/SDKStatCaches.noindex/iphonesimulator26.5-23F81a-6cfe768891a92b912361537c460fe42b.sdkstatcache -output-file-map /tmp/ponglens-task9-derived/Build/Intermediates.noindex/PongLens.build/Debug-iphonesimulator/PongLensTests.build/Objects-normal/arm64/PongLensTests-OutputFileMap.json -use-frontend-parseable-output -save-temps -no-color-diagnostics -explicit-module-build -module-cache-path /tmp/ponglens-task9-derived/Build/Intermediates.noindex/SwiftExplicitPrecompiledModules -clang-scanner-module-cache-path /tmp/ponglens-task9-derived/ModuleCache.noindex -sdk-module-cache-path /tmp/ponglens-task9-derived/ModuleCache.noindex -serialize-diagnostics -emit-dependencies -emit-module -emit-module-path /tmp/ponglens-task9-derived/Build/Intermediates.noindex/PongLens.build/Debug-iphonesimulator/PongLensTests.build/Objects-normal/arm64/PongLensTests.swiftmodule -validate-clang-modules-once -clang-build-session-file /tmp/ponglens-task9-derived/ModuleCache.noindex/Session.modulevalidation -Xcc -I/tmp/ponglens-task9-derived/Build/Intermediates.noindex/PongLens.build/Debug-iphonesimulator/PongLensTests.build/swift-overrides.hmap -emit-const-values -Xfrontend -const-gather-protocols-file -Xfrontend /tmp/ponglens-task9-derived/Build/Intermediates.noindex/PongLens.build/Debug-iphonesimulator/PongLensTests.build/Objects-normal/arm64/PongLensTests_const_extract_protocols.json -Xcc -iquote -Xcc /tmp/ponglens-task9-derived/Build/Intermediates.noindex/PongLens.build/Debug-iphonesimulator/PongLensTests.build/PongLensTests-generated-files.hmap -Xcc -I/tmp/ponglens-task9-derived/Build/Intermediates.noindex/PongLens.build/Debug-iphonesimulator/PongLensTests.build/PongLensTests-own-target-headers.hmap -Xcc -I/tmp/ponglens-task9-derived/Build/Intermediates.noindex/PongLens.build/Debug-iphonesimulator/PongLensTests.build/PongLensTests-all-non-framework-target-headers.hmap -Xcc -ivfsoverlay -Xcc /tmp/ponglens-task9-derived/Build/Intermediates.noindex/PongLens.build/Debug-iphonesimulator/PongLens-0da7017953bd45c6c88576c2f46521ab-VFS-iphonesimulator/all-product-headers.yaml -Xcc -iquote -Xcc /tmp/ponglens-task9-derived/Build/Intermediates.noindex/PongLens.build/Debug-iphonesimulator/PongLensTests.build/PongLensTests-project-headers.hmap -Xcc -I/tmp/ponglens-task9-derived/Build/Products/Debug-iphonesimulator/include -Xcc -I/tmp/ponglens-task9-derived/Build/Intermediates.noindex/PongLens.build/Debug-iphonesimulator/PongLensTests.build/DerivedSources-normal/arm64 -Xcc -I/tmp/ponglens-task9-derived/Build/Intermediates.noindex/PongLens.build/Debug-iphonesimulator/PongLensTests.build/DerivedSources/arm64 -Xcc -I/tmp/ponglens-task9-derived/Build/Intermediates.noindex/PongLens.build/Debug-iphonesimulator/PongLensTests.build/DerivedSources -Xcc -DDEBUG\=1 -emit-objc-header -emit-objc-header-path /tmp/ponglens-task9-derived/Build/Intermediates.noindex/PongLens.build/Debug-iphonesimulator/PongLensTests.build/Objects-normal/arm64/PongLensTests-Swift.h -working-directory /Users/adil/Desktop/Projects/PongLens/.worktrees/match-processing-feedback/ios/PongLens -experimental-emit-module-separately -disable-cmo

Copy /tmp/ponglens-task9-derived/Build/Products/Debug-iphonesimulator/PongLensTests.swiftmodule/Project/arm64-apple-ios-simulator.swiftsourceinfo /tmp/ponglens-task9-derived/Build/Intermediates.noindex/PongLens.build/Debug-iphonesimulator/PongLensTests.build/Objects-normal/arm64/PongLensTests.swiftsourceinfo (in target 'PongLensTests' from project 'PongLens')
    cd /Users/adil/Desktop/Projects/PongLens/.worktrees/match-processing-feedback/ios/PongLens
    builtin-copy -exclude .DS_Store -exclude CVS -exclude .svn -exclude .git -exclude .hg -resolve-src-symlinks -rename /tmp/ponglens-task9-derived/Build/Intermediates.noindex/PongLens.build/Debug-iphonesimulator/PongLensTests.build/Objects-normal/arm64/PongLensTests.swiftsourceinfo /tmp/ponglens-task9-derived/Build/Products/Debug-iphonesimulator/PongLensTests.swiftmodule/Project/arm64-apple-ios-simulator.swiftsourceinfo

Copy /tmp/ponglens-task9-derived/Build/Products/Debug-iphonesimulator/PongLensTests.swiftmodule/arm64-apple-ios-simulator.swiftmodule /tmp/ponglens-task9-derived/Build/Intermediates.noindex/PongLens.build/Debug-iphonesimulator/PongLensTests.build/Objects-normal/arm64/PongLensTests.swiftmodule (in target 'PongLensTests' from project 'PongLens')
    cd /Users/adil/Desktop/Projects/PongLens/.worktrees/match-processing-feedback/ios/PongLens
    builtin-copy -exclude .DS_Store -exclude CVS -exclude .svn -exclude .git -exclude .hg -resolve-src-symlinks -rename /tmp/ponglens-task9-derived/Build/Intermediates.noindex/PongLens.build/Debug-iphonesimulator/PongLensTests.build/Objects-normal/arm64/PongLensTests.swiftmodule /tmp/ponglens-task9-derived/Build/Products/Debug-iphonesimulator/PongLensTests.swiftmodule/arm64-apple-ios-simulator.swiftmodule

Copy /tmp/ponglens-task9-derived/Build/Products/Debug-iphonesimulator/PongLensTests.swiftmodule/arm64-apple-ios-simulator.abi.json /tmp/ponglens-task9-derived/Build/Intermediates.noindex/PongLens.build/Debug-iphonesimulator/PongLensTests.build/Objects-normal/arm64/PongLensTests.abi.json (in target 'PongLensTests' from project 'PongLens')
    cd /Users/adil/Desktop/Projects/PongLens/.worktrees/match-processing-feedback/ios/PongLens
    builtin-copy -exclude .DS_Store -exclude CVS -exclude .svn -exclude .git -exclude .hg -resolve-src-symlinks -rename /tmp/ponglens-task9-derived/Build/Intermediates.noindex/PongLens.build/Debug-iphonesimulator/PongLensTests.build/Objects-normal/arm64/PongLensTests.abi.json /tmp/ponglens-task9-derived/Build/Products/Debug-iphonesimulator/PongLensTests.swiftmodule/arm64-apple-ios-simulator.abi.json

SwiftDriverJobDiscovery normal arm64 Compiling MatchIssueTests.swift (in target 'PongLensTests' from project 'PongLens')

SwiftDriver\ Compilation PongLensTests normal arm64 com.apple.xcode.tools.swift.compiler (in target 'PongLensTests' from project 'PongLens')
    cd /Users/adil/Desktop/Projects/PongLens/.worktrees/match-processing-feedback/ios/PongLens
    builtin-Swift-Compilation -- /Applications/Xcode.app/Contents/Developer/Toolchains/XcodeDefault.xctoolchain/usr/bin/swiftc -module-name PongLensTests -Onone @/tmp/ponglens-task9-derived/Build/Intermediates.noindex/PongLens.build/Debug-iphonesimulator/PongLensTests.build/Objects-normal/arm64/PongLensTests.SwiftFileList -DDEBUG -plugin-path /Applications/Xcode.app/Contents/Developer/Toolchains/XcodeDefault.xctoolchain/usr/lib/swift/host/plugins/testing -enable-bare-slash-regex -enable-experimental-feature DebugDescriptionMacro -sdk /Applications/Xcode.app/Contents/Developer/Platforms/iPhoneSimulator.platform/Developer/SDKs/iPhoneSimulator26.5.sdk -target arm64-apple-ios26.0-simulator -g -module-cache-path /tmp/ponglens-task9-derived/ModuleCache.noindex -Xfrontend -serialize-debugging-options -profile-coverage-mapping -profile-generate -enable-testing -index-store-path /tmp/ponglens-task9-derived/Index.noindex/DataStore -Xcc -D_LIBCPP_HARDENING_MODE\=_LIBCPP_HARDENING_MODE_DEBUG -swift-version 5 -I /tmp/ponglens-task9-derived/Build/Products/Debug-iphonesimulator -Isystem /Applications/Xcode.app/Contents/Developer/Platforms/iPhoneSimulator.platform/Developer/usr/lib -F /tmp/ponglens-task9-derived/Build/Products/Debug-iphonesimulator/PackageFrameworks -F /tmp/ponglens-task9-derived/Build/Products/Debug-iphonesimulator/PackageFrameworks -F /tmp/ponglens-task9-derived/Build/Products/Debug-iphonesimulator/PackageFrameworks -F /tmp/ponglens-task9-derived/Build/Products/Debug-iphonesimulator/PackageFrameworks -F /tmp/ponglens-task9-derived/Build/Products/Debug-iphonesimulator/PackageFrameworks -F /tmp/ponglens-task9-derived/Build/Products/Debug-iphonesimulator/PackageFrameworks -F /tmp/ponglens-task9-derived/Build/Products/Debug-iphonesimulator/PackageFrameworks -F /tmp/ponglens-task9-derived/Build/Products/Debug-iphonesimulator/PackageFrameworks -F /tmp/ponglens-task9-derived/Build/Products/Debug-iphonesimulator/PackageFrameworks -F /tmp/ponglens-task9-derived/Build/Products/Debug-iphonesimulator/PackageFrameworks -F /tmp/ponglens-task9-derived/Build/Products/Debug-iphonesimulator/PackageFrameworks -F /tmp/ponglens-task9-derived/Build/Products/Debug-iphonesimulator/PackageFrameworks -F /tmp/ponglens-task9-derived/Build/Products/Debug-iphonesimulator/PackageFrameworks -F /tmp/ponglens-task9-derived/Build/Products/Debug-iphonesimulator/PackageFrameworks -F /tmp/ponglens-task9-derived/Build/Products/Debug-iphonesimulator -F /Applications/Xcode.app/Contents/Developer/Platforms/iPhoneSimulator.platform/Developer/Library/Frameworks -F /Applications/Xcode.app/Contents/Developer/Platforms/iPhoneSimulator.platform/Developer/SDKs/iPhoneSimulator26.5.sdk/Developer/Library/Frameworks -c -j20 -enable-batch-mode -incremental -Xcc -ivfsstatcache -Xcc /tmp/ponglens-task9-derived/SDKStatCaches.noindex/iphonesimulator26.5-23F81a-6cfe768891a92b912361537c460fe42b.sdkstatcache -output-file-map /tmp/ponglens-task9-derived/Build/Intermediates.noindex/PongLens.build/Debug-iphonesimulator/PongLensTests.build/Objects-normal/arm64/PongLensTests-OutputFileMap.json -use-frontend-parseable-output -save-temps -no-color-diagnostics -explicit-module-build -module-cache-path /tmp/ponglens-task9-derived/Build/Intermediates.noindex/SwiftExplicitPrecompiledModules -clang-scanner-module-cache-path /tmp/ponglens-task9-derived/ModuleCache.noindex -sdk-module-cache-path /tmp/ponglens-task9-derived/ModuleCache.noindex -serialize-diagnostics -emit-dependencies -emit-module -emit-module-path /tmp/ponglens-task9-derived/Build/Intermediates.noindex/PongLens.build/Debug-iphonesimulator/PongLensTests.build/Objects-normal/arm64/PongLensTests.swiftmodule -validate-clang-modules-once -clang-build-session-file /tmp/ponglens-task9-derived/ModuleCache.noindex/Session.modulevalidation -Xcc -I/tmp/ponglens-task9-derived/Build/Intermediates.noindex/PongLens.build/Debug-iphonesimulator/PongLensTests.build/swift-overrides.hmap -emit-const-values -Xfrontend -const-gather-protocols-file -Xfrontend /tmp/ponglens-task9-derived/Build/Intermediates.noindex/PongLens.build/Debug-iphonesimulator/PongLensTests.build/Objects-normal/arm64/PongLensTests_const_extract_protocols.json -Xcc -iquote -Xcc /tmp/ponglens-task9-derived/Build/Intermediates.noindex/PongLens.build/Debug-iphonesimulator/PongLensTests.build/PongLensTests-generated-files.hmap -Xcc -I/tmp/ponglens-task9-derived/Build/Intermediates.noindex/PongLens.build/Debug-iphonesimulator/PongLensTests.build/PongLensTests-own-target-headers.hmap -Xcc -I/tmp/ponglens-task9-derived/Build/Intermediates.noindex/PongLens.build/Debug-iphonesimulator/PongLensTests.build/PongLensTests-all-non-framework-target-headers.hmap -Xcc -ivfsoverlay -Xcc /tmp/ponglens-task9-derived/Build/Intermediates.noindex/PongLens.build/Debug-iphonesimulator/PongLens-0da7017953bd45c6c88576c2f46521ab-VFS-iphonesimulator/all-product-headers.yaml -Xcc -iquote -Xcc /tmp/ponglens-task9-derived/Build/Intermediates.noindex/PongLens.build/Debug-iphonesimulator/PongLensTests.build/PongLensTests-project-headers.hmap -Xcc -I/tmp/ponglens-task9-derived/Build/Products/Debug-iphonesimulator/include -Xcc -I/tmp/ponglens-task9-derived/Build/Intermediates.noindex/PongLens.build/Debug-iphonesimulator/PongLensTests.build/DerivedSources-normal/arm64 -Xcc -I/tmp/ponglens-task9-derived/Build/Intermediates.noindex/PongLens.build/Debug-iphonesimulator/PongLensTests.build/DerivedSources/arm64 -Xcc -I/tmp/ponglens-task9-derived/Build/Intermediates.noindex/PongLens.build/Debug-iphonesimulator/PongLensTests.build/DerivedSources -Xcc -DDEBUG\=1 -emit-objc-header -emit-objc-header-path /tmp/ponglens-task9-derived/Build/Intermediates.noindex/PongLens.build/Debug-iphonesimulator/PongLensTests.build/Objects-normal/arm64/PongLensTests-Swift.h -working-directory /Users/adil/Desktop/Projects/PongLens/.worktrees/match-processing-feedback/ios/PongLens -experimental-emit-module-separately -disable-cmo

Ld /tmp/ponglens-task9-derived/Build/Products/Debug-iphonesimulator/PongLens.app/PlugIns/PongLensTests.xctest/PongLensTests normal (in target 'PongLensTests' from project 'PongLens')
    cd /Users/adil/Desktop/Projects/PongLens/.worktrees/match-processing-feedback/ios/PongLens
    /Applications/Xcode.app/Contents/Developer/Toolchains/XcodeDefault.xctoolchain/usr/bin/clang -Xlinker -reproducible -target arm64-apple-ios26.0-simulator -bundle -isysroot /Applications/Xcode.app/Contents/Developer/Platforms/iPhoneSimulator.platform/Developer/SDKs/iPhoneSimulator26.5.sdk -O0 -L/tmp/ponglens-task9-derived/Build/Intermediates.noindex/EagerLinkingTBDs/Debug-iphonesimulator -L/tmp/ponglens-task9-derived/Build/Products/Debug-iphonesimulator -L/Applications/Xcode.app/Contents/Developer/Platforms/iPhoneSimulator.platform/Developer/usr/lib -F/tmp/ponglens-task9-derived/Build/Intermediates.noindex/EagerLinkingTBDs/Debug-iphonesimulator -F/tmp/ponglens-task9-derived/Build/Products/Debug-iphonesimulator/PackageFrameworks -F/tmp/ponglens-task9-derived/Build/Products/Debug-iphonesimulator/PackageFrameworks -F/tmp/ponglens-task9-derived/Build/Products/Debug-iphonesimulator/PackageFrameworks -F/tmp/ponglens-task9-derived/Build/Products/Debug-iphonesimulator/PackageFrameworks -F/tmp/ponglens-task9-derived/Build/Products/Debug-iphonesimulator/PackageFrameworks -F/tmp/ponglens-task9-derived/Build/Products/Debug-iphonesimulator/PackageFrameworks -F/tmp/ponglens-task9-derived/Build/Products/Debug-iphonesimulator/PackageFrameworks -F/tmp/ponglens-task9-derived/Build/Products/Debug-iphonesimulator/PackageFrameworks -F/tmp/ponglens-task9-derived/Build/Products/Debug-iphonesimulator/PackageFrameworks -F/tmp/ponglens-task9-derived/Build/Products/Debug-iphonesimulator/PackageFrameworks -F/tmp/ponglens-task9-derived/Build/Products/Debug-iphonesimulator/PackageFrameworks -F/tmp/ponglens-task9-derived/Build/Products/Debug-iphonesimulator/PackageFrameworks -F/tmp/ponglens-task9-derived/Build/Products/Debug-iphonesimulator/PackageFrameworks -F/tmp/ponglens-task9-derived/Build/Products/Debug-iphonesimulator/PackageFrameworks -F/tmp/ponglens-task9-derived/Build/Products/Debug-iphonesimulator -iframework /Applications/Xcode.app/Contents/Developer/Platforms/iPhoneSimulator.platform/Developer/Library/Frameworks -iframework /Applications/Xcode.app/Contents/Developer/Platforms/iPhoneSimulator.platform/Developer/SDKs/iPhoneSimulator26.5.sdk/Developer/Library/Frameworks -filelist /tmp/ponglens-task9-derived/Build/Intermediates.noindex/PongLens.build/Debug-iphonesimulator/PongLensTests.build/Objects-normal/arm64/PongLensTests.LinkFileList -Xlinker -rpath -Xlinker /tmp/ponglens-task9-derived/Build/Products/Debug-iphonesimulator/PackageFrameworks -Xlinker -rpath -Xlinker @loader_path/Frameworks -Xlinker -rpath -Xlinker @executable_path/Frameworks -Xlinker -dead_strip -bundle_loader /tmp/ponglens-task9-derived/Build/Products/Debug-iphonesimulator/PongLens.app/PongLens -Xlinker -object_path_lto -Xlinker /tmp/ponglens-task9-derived/Build/Intermediates.noindex/PongLens.build/Debug-iphonesimulator/PongLensTests.build/Objects-normal/arm64/PongLensTests_lto.o -rdynamic -Xlinker -no_deduplicate -Xlinker -objc_abi_version -Xlinker 2 -Xlinker -debug_variant -Xlinker -dependency_info -Xlinker /tmp/ponglens-task9-derived/Build/Intermediates.noindex/PongLens.build/Debug-iphonesimulator/PongLensTests.build/Objects-normal/arm64/PongLensTests_dependency_info.dat -fobjc-link-runtime -fprofile-instr-generate -L/Applications/Xcode.app/Contents/Developer/Toolchains/XcodeDefault.xctoolchain/usr/lib/swift/iphonesimulator -L/usr/lib/swift -Xlinker -add_ast_path -Xlinker /tmp/ponglens-task9-derived/Build/Intermediates.noindex/PongLens.build/Debug-iphonesimulator/PongLensTests.build/Objects-normal/arm64/PongLensTests.swiftmodule @/tmp/ponglens-task9-derived/Build/Intermediates.noindex/PongLens.build/Debug-iphonesimulator/PongLensTests.build/Objects-normal/arm64/PongLensTests-linker-args.resp -Wl,-no_warn_duplicate_libraries -Wl,-no_warn_duplicate_libraries -Wl,-no_warn_duplicate_libraries -Wl,-no_warn_duplicate_libraries -Wl,-no_warn_duplicate_libraries -Wl,-no_warn_duplicate_libraries -Wl,-no_warn_duplicate_libraries -Wl,-no_warn_duplicate_libraries -Wl,-no_warn_duplicate_libraries -Wl,-no_warn_duplicate_libraries -Wl,-no_warn_duplicate_libraries -Wl,-no_warn_duplicate_libraries -Wl,-no_warn_duplicate_libraries -Wl,-no_warn_duplicate_libraries -Xlinker -needed_framework -Xlinker XCTest -framework XCTest -Xlinker -needed-lXCTestSwiftSupport -lXCTestSwiftSupport /tmp/ponglens-task9-derived/Build/Products/Debug-iphonesimulator/PongLens.app/PongLens.debug.dylib -o /tmp/ponglens-task9-derived/Build/Products/Debug-iphonesimulator/PongLens.app/PlugIns/PongLensTests.xctest/PongLensTests

ExtractAppIntentsMetadata (in target 'PongLensTests' from project 'PongLens')
    cd /Users/adil/Desktop/Projects/PongLens/.worktrees/match-processing-feedback/ios/PongLens
    /Applications/Xcode.app/Contents/Developer/Toolchains/XcodeDefault.xctoolchain/usr/bin/appintentsmetadataprocessor --toolchain-dir /Applications/Xcode.app/Contents/Developer/Toolchains/XcodeDefault.xctoolchain --module-name PongLensTests --sdk-root /Applications/Xcode.app/Contents/Developer/Platforms/iPhoneSimulator.platform/Developer/SDKs/iPhoneSimulator26.5.sdk --xcode-version 17F113 --platform-family iOS --deployment-target 26.0 --bundle-identifier com.ponglens.PongLensTests --output /tmp/ponglens-task9-derived/Build/Products/Debug-iphonesimulator/PongLens.app/PlugIns/PongLensTests.xctest --target-triple arm64-apple-ios26.0-simulator --binary-file /tmp/ponglens-task9-derived/Build/Products/Debug-iphonesimulator/PongLens.app/PlugIns/PongLensTests.xctest/PongLensTests --dependency-file /tmp/ponglens-task9-derived/Build/Intermediates.noindex/PongLens.build/Debug-iphonesimulator/PongLensTests.build/Objects-normal/arm64/PongLensTests_dependency_info.dat --stringsdata-file /tmp/ponglens-task9-derived/Build/Intermediates.noindex/PongLens.build/Debug-iphonesimulator/PongLensTests.build/Objects-normal/arm64/ExtractedAppShortcutsMetadata.stringsdata --source-file-list /tmp/ponglens-task9-derived/Build/Intermediates.noindex/PongLens.build/Debug-iphonesimulator/PongLensTests.build/Objects-normal/arm64/PongLensTests.SwiftFileList --metadata-file-list /tmp/ponglens-task9-derived/Build/Intermediates.noindex/PongLens.build/Debug-iphonesimulator/PongLensTests.build/PongLensTests.DependencyMetadataFileList --static-metadata-file-list /tmp/ponglens-task9-derived/Build/Intermediates.noindex/PongLens.build/Debug-iphonesimulator/PongLensTests.build/PongLensTests.DependencyStaticMetadataFileList --swift-const-vals-list /tmp/ponglens-task9-derived/Build/Intermediates.noindex/PongLens.build/Debug-iphonesimulator/PongLensTests.build/Objects-normal/arm64/PongLensTests.SwiftConstValuesFileList --compile-time-extraction --deployment-aware-processing --validate-assistant-intents --no-app-shortcuts-localization
2026-09-07 14:11:20.643 appintentsmetadataprocessor[19902:107515469] Starting appintentsmetadataprocessor export
2026-09-07 14:11:20.647 appintentsmetadataprocessor[19902:107515469] warning: Metadata extraction skipped. No AppIntents.framework dependency found.

AppIntentsSSUTraining (in target 'PongLensTests' from project 'PongLens')
    cd /Users/adil/Desktop/Projects/PongLens/.worktrees/match-processing-feedback/ios/PongLens
    /Applications/Xcode.app/Contents/Developer/Toolchains/XcodeDefault.xctoolchain/usr/bin/appintentsnltrainingprocessor --infoplist-path /tmp/ponglens-task9-derived/Build/Products/Debug-iphonesimulator/PongLens.app/PlugIns/PongLensTests.xctest/Info.plist --temp-dir-path /tmp/ponglens-task9-derived/Build/Intermediates.noindex/PongLens.build/Debug-iphonesimulator/PongLensTests.build/ssu --bundle-id com.ponglens.PongLensTests --product-path /tmp/ponglens-task9-derived/Build/Products/Debug-iphonesimulator/PongLens.app/PlugIns/PongLensTests.xctest --extracted-metadata-path /tmp/ponglens-task9-derived/Build/Products/Debug-iphonesimulator/PongLens.app/PlugIns/PongLensTests.xctest/Metadata.appintents --metadata-file-list /tmp/ponglens-task9-derived/Build/Intermediates.noindex/PongLens.build/Debug-iphonesimulator/PongLensTests.build/PongLensTests.DependencyMetadataFileList --source-file /tmp/ponglens-task9-derived/Build/Products/Debug-iphonesimulator/PongLens.app/PlugIns/PongLensTests.xctest/Info.plist --archive-ssu-assets
2026-09-07 14:11:20.666 appintentsnltrainingprocessor[19903:107515470] Parsing options for appintentsnltrainingprocessor
2026-09-07 14:11:20.666 appintentsnltrainingprocessor[19903:107515470] Starting AppIntents SSU YAML Generation
2026-09-07 14:11:20.667 appintentsnltrainingprocessor[19903:107515470] No AppShortcuts found - Skipping.

CopySwiftLibs /tmp/ponglens-task9-derived/Build/Products/Debug-iphonesimulator/PongLens.app/PlugIns/PongLensTests.xctest (in target 'PongLensTests' from project 'PongLens')
    cd /Users/adil/Desktop/Projects/PongLens/.worktrees/match-processing-feedback/ios/PongLens
    builtin-swiftStdLibTool --copy --verbose --scan-executable /tmp/ponglens-task9-derived/Build/Products/Debug-iphonesimulator/PongLens.app/PlugIns/PongLensTests.xctest/PongLensTests --scan-folder /tmp/ponglens-task9-derived/Build/Products/Debug-iphonesimulator/PongLens.app/PlugIns/PongLensTests.xctest/Frameworks --scan-folder /tmp/ponglens-task9-derived/Build/Products/Debug-iphonesimulator/PongLens.app/PlugIns/PongLensTests.xctest/PlugIns --scan-folder /tmp/ponglens-task9-derived/Build/Products/Debug-iphonesimulator/PongLens.app/PlugIns/PongLensTests.xctest/SystemExtensions --scan-folder /tmp/ponglens-task9-derived/Build/Products/Debug-iphonesimulator/PongLens.app/PlugIns/PongLensTests.xctest/Extensions --platform iphonesimulator --toolchain /Applications/Xcode.app/Contents/Developer/Toolchains/XcodeDefault.xctoolchain --destination /tmp/ponglens-task9-derived/Build/Products/Debug-iphonesimulator/PongLens.app/PlugIns/PongLensTests.xctest/Frameworks --strip-bitcode --scan-executable /Applications/Xcode.app/Contents/Developer/Platforms/iPhoneSimulator.platform/Developer/usr/lib/libXCTestSwiftSupport.dylib --strip-bitcode-tool /Applications/Xcode.app/Contents/Developer/Toolchains/XcodeDefault.xctoolchain/usr/bin/bitcode_strip --emit-dependency-info /tmp/ponglens-task9-derived/Build/Intermediates.noindex/PongLens.build/Debug-iphonesimulator/PongLensTests.build/SwiftStdLibToolInputDependencies.dep --filter-for-swift-os
Ignoring --strip-bitcode because --sign was not passed

RegisterExecutionPolicyException /tmp/ponglens-task9-derived/Build/Products/Debug-iphonesimulator/PongLens.app/PlugIns/PongLensTests.xctest (in target 'PongLensTests' from project 'PongLens')
    cd /Users/adil/Desktop/Projects/PongLens/.worktrees/match-processing-feedback/ios/PongLens
    builtin-RegisterExecutionPolicyException /tmp/ponglens-task9-derived/Build/Products/Debug-iphonesimulator/PongLens.app/PlugIns/PongLensTests.xctest

Touch /tmp/ponglens-task9-derived/Build/Products/Debug-iphonesimulator/PongLens.app/PlugIns/PongLensTests.xctest (in target 'PongLensTests' from project 'PongLens')
    cd /Users/adil/Desktop/Projects/PongLens/.worktrees/match-processing-feedback/ios/PongLens
    /usr/bin/touch -c /tmp/ponglens-task9-derived/Build/Products/Debug-iphonesimulator/PongLens.app/PlugIns/PongLensTests.xctest

Validate /tmp/ponglens-task9-derived/Build/Products/Debug-iphonesimulator/PongLens.app (in target 'PongLens' from project 'PongLens')
    cd /Users/adil/Desktop/Projects/PongLens/.worktrees/match-processing-feedback/ios/PongLens
    builtin-validationUtility /tmp/ponglens-task9-derived/Build/Products/Debug-iphonesimulator/PongLens.app -shallow-bundle -infoplist-subpath Info.plist

2026-09-07 14:12:12.143 xcodebuild[19809:107514923] [MT] IDETestOperationsObserverDebug: 51.397 elapsed -- Testing started completed.
2026-09-07 14:12:12.143 xcodebuild[19809:107514923] [MT] IDETestOperationsObserverDebug: 0.000 sec, +0.000 sec -- start
2026-09-07 14:12:12.143 xcodebuild[19809:107514923] [MT] IDETestOperationsObserverDebug: 51.397 sec, +51.397 sec -- end

Test session results, code coverage, and logs:
	/tmp/ponglens-task9-fix1-red.xcresult

Failing tests:
	MatchIssueTests.testDetailsOrSideSaveRefetchAdoptsPublishedRowWithItsOwnPointsAndMedia()
	MatchIssueTests.testDetailsOrSideSaveRefetchAdoptsPublishedRowWithItsOwnPointsAndMedia()
	MatchIssueTests.testDetailsOrSideSaveRefetchAdoptsPublishedRowWithItsOwnPointsAndMedia()
	MatchIssueTests.testDetailsOrSideSaveRefetchAdoptsPublishedRowWithItsOwnPointsAndMedia()
	MatchIssueTests.testSaveRefetchKeepsTheOldRowWhenThePublishedSnapshotCannotLoad()
	MatchIssueTests.testSaveRefetchKeepsTheOldRowWhenThePublishedSnapshotCannotLoad()

** TEST FAILED **

Testing started
Test suite 'MatchIssueTests' started on 'Clone 1 of iPhone 17 Pro - PongLens (20308)'
Test case 'MatchIssueTests.testAPIResponseDecodesCamelCaseAndSafeHistory()' passed on 'Clone 1 of iPhone 17 Pro - PongLens (20308)' (0.006 seconds)
Test case 'MatchIssueTests.testAutomaticRefundRequiresARealReceiptAndStaysPrivateFromCoach()' passed on 'Clone 1 of iPhone 17 Pro - PongLens (20308)' (0.003 seconds)
Test case 'MatchIssueTests.testBaselineHostedAllowanceAndNotesTeardown()' passed on 'Clone 1 of iPhone 17 Pro - PongLens (20308)' (2.505 seconds)
Test case 'MatchIssueTests.testCoachAndRawAreReportOnlyEvenWithOwnerFlags()' passed on 'Clone 1 of iPhone 17 Pro - PongLens (20308)' (0.001 seconds)
Test case 'MatchIssueTests.testDetailsOrSideSaveRefetchAdoptsPublishedRowWithItsOwnPointsAndMedia()' failed on 'Clone 1 of iPhone 17 Pro - PongLens (20308)' (0.065 seconds)
Test case 'MatchIssueTests.testFailedSubmissionKeepsDraftAndReusesIdempotencyKey()' passed on 'Clone 1 of iPhone 17 Pro - PongLens (20308)' (0.006 seconds)
Test case 'MatchIssueTests.testFeedbackRoutesStaySeparateInBothNavigationRoots()' passed on 'Clone 1 of iPhone 17 Pro - PongLens (20308)' (0.008 seconds)
Test case 'MatchIssueTests.testFeedbackScreenFixtureSnapshots()' passed on 'Clone 1 of iPhone 17 Pro - PongLens (20308)' (6.414 seconds)
Test case 'MatchIssueTests.testMissingRallyOffersCanDescribeEitherEndWithoutInventingANeighbor()' passed on 'Clone 1 of iPhone 17 Pro - PongLens (20308)' (0.001 seconds)
Test case 'MatchIssueTests.testOwnerReadyChoicesUseExactServerAmount()' passed on 'Clone 1 of iPhone 17 Pro - PongLens (20308)' (0.001 seconds)
Test case 'MatchIssueTests.testPendingAndTerminalRequestsDoNotOfferDuplicateRemedies()' passed on 'Clone 1 of iPhone 17 Pro - PongLens (20308)' (0.001 seconds)
Test case 'MatchIssueTests.testPollingOnlyFollowsActiveExecution()' passed on 'Clone 1 of iPhone 17 Pro - PongLens (20308)' (0.001 seconds)
Test case 'MatchIssueTests.testPublicationBetweenPointReadAndSigningRefreshesBeforeRetryingMedia()' passed on 'Clone 1 of iPhone 17 Pro - PongLens (20308)' (0.006 seconds)
Test case 'MatchIssueTests.testPublishAndRestoreReplacePointStateAndMediaWithoutCopyingOldAnnotations()' passed on 'Clone 1 of iPhone 17 Pro - PongLens (20308)' (0.012 seconds)
Test case 'MatchIssueTests.testRefundConfirmationUsesReturnedAmountNotCurrentEligibility()' passed on 'Clone 1 of iPhone 17 Pro - PongLens (20308)' (0.001 seconds)
Test case 'MatchIssueTests.testReportRequiresMessageAndPositiveDoesNotSendHiddenDraft()' passed on 'Clone 1 of iPhone 17 Pro - PongLens (20308)' (0.003 seconds)
Test case 'MatchIssueTests.testRestoredHistoryDescribesThePreviousActiveVersion()' passed on 'Clone 1 of iPhone 17 Pro - PongLens (20308)' (0.001 seconds)
Test case 'MatchIssueTests.testSameVersionSaveAdoptsDetailsWithoutReplacingLocalPointsOrSignedMedia()' passed on 'Clone 1 of iPhone 17 Pro - PongLens (20308)' (0.001 seconds)
Test case 'MatchIssueTests.testSaveRefetchKeepsTheOldRowWhenThePublishedSnapshotCannotLoad()' failed on 'Clone 1 of iPhone 17 Pro - PongLens (20308)' (0.003 seconds)
Test case 'MatchIssueTests.testServerCapabilitiesCanWithdrawEachOwnerChoice()' passed on 'Clone 1 of iPhone 17 Pro - PongLens (20308)' (0.001 seconds)
Test case 'MatchIssueTests.testSnakeCaseNotificationDecodingOpensMatchFeedbackWithoutLibraryLookup()' passed on 'Clone 1 of iPhone 17 Pro - PongLens (20308)' (0.002 seconds)
Test case 'MatchIssueTests.testUnrelatedRefreshDoesNotReloadMediaPointsOrIssueDraft()' passed on 'Clone 1 of iPhone 17 Pro - PongLens (20308)' (0.001 seconds)
