Applying 001_init.sql
Applying 002_original_name.sql
Applying 003_match_experience.sql
Applying 004_voice_and_coach.sql
Applying 005_player_tagging.sql
Applying 006_match_type.sql
Applying 007_score_and_clip_edits.sql
Applying 008_warmup.sql
Applying 009_serve_rotation.sql
Applying 010_quotas.sql
Applying 011_cut_t0.sql
Applying 012_job_meta_edit.sql
Applying 013_share_links.sql
Applying 014_feedback2.sql
Applying 015_share_starred.sql
Applying 016_share_titles.sql
Applying 017_match_reels.sql
Applying 018_let_never_scored.sql
Applying 019_skipped_outcome.sql
Applying 020_split_tight_pads.sql
Applying 021_game_end_override.sql
Applying 022_upload_grace_window.sql
Applying 023_split_child_cut_t0.sql
Applying 024_youtube_grace_window.sql
Applying 025_match_venue.sql
Applying 026_unsplit_point.sql
Applying 027_merge_points.sql
Applying 028_reel_scope.sql
Applying 029_feedback_attachments.sql
Applying 030_point_direction.sql
Applying 031_notifications.sql
Applying 032_serve_and_loss_detail.sql
Applying 033_match_thumb.sql
Applying 033_serve_spin_exclusive.sql
Applying 034_match_owner_name.sql
Applying 034_note_feed.sql
Applying 034_research_fused_labeling.sql
Applying 035_point_tags.sql
Applying 035_research_reviewer_assignment.sql
Applying 036_tag_share_export.sql
Applying 037_lessons.sql
Applying 038_journal.sql
Applying 039_match_types.sql
Applying 040_note_image.sql
Applying 041_note_feed_image.sql
Applying 042_tag_reels.sql
Applying 043_early_access.sql
Applying 044_access_requests.sql
Applying 045_access_request_emails.sql
Applying 046_player_profiles.sql
Applying 047_journal_photos_ocr.sql
Applying 048_match_clip_pads.sql
Applying 049_placement_retry.sql
Applying 050_platform_costs.sql
Applying 051_match_structure_evidence.sql
Applying 052_platform_cost_rate_patch.sql
ERROR:  cost rate interval overlaps an existing rate
CONTEXT:  PL/pgSQL function cost_rate_reject_overlap() line 21 at RAISE

Stopped after 55 successful migrations.
